 Entering Gaussian System, Link 0=g09
 Initial command:
 /data/soft/centos7/qc/gaussian/g09/d.01/x86_64/g09/l1.exe "/scratch/Gau-21191.inp" -scrdir="/scratch/"
 Entering Link 1 = /data/soft/centos7/qc/gaussian/g09/d.01/x86_64/g09/l1.exe PID=     21193.
  
 Copyright (c) 1988,1990,1992,1993,1995,1998,2003,2009,2013,
            Gaussian, Inc.  All Rights Reserved.
  
 This is part of the Gaussian(R) 09 program.  It is based on
 the Gaussian(R) 03 system (copyright 2003, Gaussian, Inc.),
 the Gaussian(R) 98 system (copyright 1998, Gaussian, Inc.),
 the Gaussian(R) 94 system (copyright 1995, Gaussian, Inc.),
 the Gaussian 92(TM) system (copyright 1992, Gaussian, Inc.),
 the Gaussian 90(TM) system (copyright 1990, Gaussian, Inc.),
 the Gaussian 88(TM) system (copyright 1988, Gaussian, Inc.),
 the Gaussian 86(TM) system (copyright 1986, Carnegie Mellon
 University), and the Gaussian 82(TM) system (copyright 1983,
 Carnegie Mellon University). Gaussian is a federally registered
 trademark of Gaussian, Inc.
  
 This software contains proprietary and confidential information,
 including trade secrets, belonging to Gaussian, Inc.
  
 This software is provided under written license and may be
 used, copied, transmitted, or stored only in accord with that
 written license.
  
 The following legend is applicable only to US Government
 contracts under FAR:
  
                    RESTRICTED RIGHTS LEGEND
  
 Use, reproduction and disclosure by the US Government is
 subject to restrictions as set forth in subparagraphs (a)
 and (c) of the Commercial Computer Software - Restricted
 Rights clause in FAR 52.227-19.
  
 Gaussian, Inc.
 340 Quinnipiac St., Bldg. 40, Wallingford CT 06492
  
  
 ---------------------------------------------------------------
 Warning -- This program may not be used in any manner that
 competes with the business of Gaussian, Inc. or will provide
 assistance to any competitor of Gaussian, Inc.  The licensee
 of this program is prohibited from giving any competitor of
 Gaussian, Inc. access to this program.  By using this program,
 the user acknowledges that Gaussian, Inc. is engaged in the
 business of creating and licensing software in the field of
 computational chemistry and represents and warrants to the
 licensee that it is not a competitor of Gaussian, Inc. and that
 it will not use this program in any manner prohibited above.
 ---------------------------------------------------------------
  

 Cite this work as:
 Gaussian 09, Revision D.01,
 M. J. Frisch, G. W. Trucks, H. B. Schlegel, G. E. Scuseria, 
 M. A. Robb, J. R. Cheeseman, G. Scalmani, V. Barone, B. Mennucci, 
 G. A. Petersson, H. Nakatsuji, M. Caricato, X. Li, H. P. Hratchian, 
 A. F. Izmaylov, J. Bloino, G. Zheng, J. L. Sonnenberg, M. Hada, 
 M. Ehara, K. Toyota, R. Fukuda, J. Hasegawa, M. Ishida, T. Nakajima, 
 Y. Honda, O. Kitao, H. Nakai, T. Vreven, J. A. Montgomery, Jr., 
 J. E. Peralta, F. Ogliaro, M. Bearpark, J. J. Heyd, E. Brothers, 
 K. N. Kudin, V. N. Staroverov, T. Keith, R. Kobayashi, J. Normand, 
 K. Raghavachari, A. Rendell, J. C. Burant, S. S. Iyengar, J. Tomasi, 
 M. Cossi, N. Rega, J. M. Millam, M. Klene, J. E. Knox, J. B. Cross, 
 V. Bakken, C. Adamo, J. Jaramillo, R. Gomperts, R. E. Stratmann, 
 O. Yazyev, A. J. Austin, R. Cammi, C. Pomelli, J. W. Ochterski, 
 R. L. Martin, K. Morokuma, V. G. Zakrzewski, G. A. Voth, 
 P. Salvador, J. J. Dannenberg, S. Dapprich, A. D. Daniels, 
 O. Farkas, J. B. Foresman, J. V. Ortiz, J. Cioslowski, 
 and D. J. Fox, Gaussian, Inc., Wallingford CT, 2013.
 
 ******************************************
 Gaussian 09:  ES64L-G09RevD.01 24-Apr-2013
                22-Jan-2019 
 ******************************************
 %Chk=checkpoint.chk
 ------------------------------
 # PBEPBE/def2SVP Pop=Hirshfeld
 ------------------------------
 1/38=1/1;
 2/12=2,17=6,18=5,40=1/2;
 3/5=43,7=101,11=2,16=1,25=1,30=1,74=1009/1,2,3;
 4//1;
 5/5=2,38=5/2;
 6/7=2,8=2,9=2,10=2,28=1,79=1/1;
 99/5=1,9=1/99;


 Symbolic Z-matrix:
 Charge =  0 Multiplicity = 1
 H                     2.14925   0.3195    1.61355 
 N                     1.77782  -0.09932   0.75348 
 H                     2.0285    0.5279   -0.02374 
 C                     0.32748  -0.17808   0.8224 
 H                     0.02258  -1.11256   1.34643 
 C                    -0.37494   1.00578   1.52688 
 H                    -0.0114    1.09147   2.57087 
 H                    -0.14538   1.95494   1.00009 
 H                    -1.47547   0.8718    1.55612 
 C                    -0.21024  -0.26845  -0.60072 
 O                     0.35219   0.17996  -1.58209 
 O                    -1.43081  -0.85313  -0.64946 
 H                    -1.70919  -0.80501  -1.59033 
 
                          Input orientation:                          
 ---------------------------------------------------------------------
 Center     Atomic      Atomic             Coordinates (Angstroms)
 Number     Number       Type             X           Y           Z
 ---------------------------------------------------------------------
      1          1           0        2.149251    0.319499    1.613554
      2          7           0        1.777821   -0.099325    0.753481
      3          1           0        2.028503    0.527898   -0.023736
      4          6           0        0.327478   -0.178077    0.822400
      5          1           0        0.022579   -1.112561    1.346431
      6          6           0       -0.374939    1.005784    1.526884
      7          1           0       -0.011399    1.091470    2.570871
      8          1           0       -0.145380    1.954940    1.000093
      9          1           0       -1.475466    0.871802    1.556123
     10          6           0       -0.210236   -0.268453   -0.600721
     11          8           0        0.352187    0.179965   -1.582088
     12          8           0       -1.430813   -0.853132   -0.649458
     13          1           0       -1.709187   -0.805009   -1.590335
 ---------------------------------------------------------------------
                    Distance matrix (angstroms):
                    1          2          3          4          5
     1  H    0.000000
     2  N    1.026206   0.000000
     3  H    1.654910   1.029717   0.000000
     4  C    2.047526   1.454114   2.026779   0.000000
     5  H    2.577768   2.111661   2.931245   1.113926   0.000000
     6  C    2.617256   2.540431   2.899884   1.546355   2.162862
     7  H    2.486122   2.814641   3.348253   2.187176   2.521540
     8  H    2.883805   2.824805   2.794717   2.192016   3.091557
     9  H    3.667002   3.488724   3.859018   2.211606   2.495156
    10  C    3.288750   2.411397   2.445207   1.524001   2.134975
    11  O    3.668929   2.750513   2.315071   2.431126   3.217995
    12  O    4.394672   3.582150   3.776988   2.390325   2.482584
    13  H    5.139744   4.260363   4.266286   3.219059   3.423185
                    6          7          8          9         10
     6  C    0.000000
     7  H    1.108789   0.000000
     8  H    1.109551   1.797464   0.000000
     9  H    1.109038   1.794842   1.803188   0.000000
    10  C    2.485459   3.456577   2.740490   2.748266   0.000000
    11  O    3.297939   4.267331   3.172660   3.696935   1.216750
    12  O    3.050722   4.020788   3.501232   2.800353   1.354265
    13  H    3.843988   4.877987   4.095501   3.573026   1.874589
                   11         12         13
    11  O    0.000000
    12  O    2.261897   0.000000
    13  H    2.284624   0.982373   0.000000
 Stoichiometry    C3H7NO2
 Framework group  C1[X(C3H7NO2)]
 Deg. of freedom    33
 Full point group                 C1      NOp   1
 Largest Abelian subgroup         C1      NOp   1
 Largest concise Abelian subgroup C1      NOp   1
                         Standard orientation:                         
 ---------------------------------------------------------------------
 Center     Atomic      Atomic             Coordinates (Angstroms)
 Number     Number       Type             X           Y           Z
 ---------------------------------------------------------------------
      1          1           0       -2.417243   -0.896051   -0.338895
      2          7           0       -1.414579   -1.089002   -0.441527
      3          1           0       -1.128209   -1.653347    0.370768
      4          6           0       -0.661686    0.154784   -0.417173
      5          1           0       -0.627234    0.597671   -1.438689
      6          6           0       -1.192621    1.240426    0.547557
      7          1           0       -2.235168    1.505282    0.278562
      8          1           0       -1.188633    0.860630    1.590074
      9          1           0       -0.580838    2.164373    0.502727
     10          6           0        0.774276   -0.168298   -0.021938
     11          8           0        1.106577   -1.121349    0.657584
     12          8           0        1.647971    0.769015   -0.460269
     13          1           0        2.523178    0.501660   -0.103067
 ---------------------------------------------------------------------
 Rotational constants (GHZ):      5.0035579      3.0646847      2.3164646
 Standard basis: def2SVP (5D, 7F)
 There are   125 symmetry adapted cartesian basis functions of A   symmetry.
 There are   119 symmetry adapted basis functions of A   symmetry.
   119 basis functions,   199 primitive gaussians,   125 cartesian basis functions
    24 alpha electrons       24 beta electrons
       nuclear repulsion energy       248.6339961961 Hartrees.
 NAtoms=   13 NActive=   13 NUniq=   13 SFac= 1.00D+00 NAtFMM=   60 NAOKFM=F Big=F
 Integral buffers will be    131072 words long.
 Raffenetti 2 integral format.
 Two-electron integral symmetry is turned on.
 One-electron integrals computed using PRISM.
   1 Symmetry operations used in ECPInt.
 ECPInt:  NShTT=    1653 NPrTT=    5877 LenC2=    1649 LenP2D=    4950.
 LDataN:  DoStor=T MaxTD1= 4 Len=   56
 NBasis=   119 RedAO= T EigKep=  1.83D-03  NBF=   119
 NBsUse=   119 1.00D-06 EigRej= -1.00D+00 NBFU=   119
 ExpMin= 1.22D-01 ExpMax= 2.27D+03 ExpMxC= 3.41D+02 IAcc=1 IRadAn=         1 AccDes= 0.00D+00
 Harris functional with IExCor= 1009 and IRadAn=       1 diagonalized for initial guess.
 HarFok:  IExCor= 1009 AccDes= 0.00D+00 IRadAn=         1 IDoV= 1 UseB2=F ITyADJ=14
 ICtDFT=  3500011 ScaDFX=  1.000000  1.000000  1.000000  1.000000
 FoFCou: FMM=F IPFlag=           0 FMFlag=      100000 FMFlg1=           0
         NFxFlg=           0 DoJE=T BraDBF=F KetDBF=T FulRan=T
         wScrn=  0.000000 ICntrl=     500 IOpCl=  0 I1Cent=   200000004 NGrid=           0
         NMat0=    1 NMatS0=      1 NMatT0=    0 NMatD0=    1 NMtDS0=    0 NMtDT0=    0
 Petite list used in FoFCou.
 Keep J ints in memory in canonical form, NReq=26560622.
 Requested convergence on RMS density matrix=1.00D-08 within 128 cycles.
 Requested convergence on MAX density matrix=1.00D-06.
 Requested convergence on             energy=1.00D-06.
 No special actions if energy rises.
 Integral accuracy reduced to 1.0D-05 until final iterations.
 EnCoef did     7 forward-backward iterations
 Initial convergence to 1.0D-05 achieved.  Increase integral accuracy.
 SCF Done:  E(RPBE-PBE) =  -323.132409010     A.U. after   16 cycles
            NFock= 16  Conv=0.66D-08     -V/T= 2.0090

 **********************************************************************

            Population analysis using the SCF density.

 **********************************************************************

 Orbital symmetries:
       Occupied  (A) (A) (A) (A) (A) (A) (A) (A) (A) (A) (A) (A)
                 (A) (A) (A) (A) (A) (A) (A) (A) (A) (A) (A) (A)
       Virtual   (A) (A) (A) (A) (A) (A) (A) (A) (A) (A) (A) (A)
                 (A) (A) (A) (A) (A) (A) (A) (A) (A) (A) (A) (A)
                 (A) (A) (A) (A) (A) (A) (A) (A) (A) (A) (A) (A)
                 (A) (A) (A) (A) (A) (A) (A) (A) (A) (A) (A) (A)
                 (A) (A) (A) (A) (A) (A) (A) (A) (A) (A) (A) (A)
                 (A) (A) (A) (A) (A) (A) (A) (A) (A) (A) (A) (A)
                 (A) (A) (A) (A) (A) (A) (A) (A) (A) (A) (A) (A)
                 (A) (A) (A) (A) (A) (A) (A) (A) (A) (A) (A)
 The electronic state is 1-A.
 Alpha  occ. eigenvalues --  -18.80983 -18.75134 -13.97328 -10.01766  -9.93845
 Alpha  occ. eigenvalues --   -9.90379  -1.00622  -0.91798  -0.80184  -0.67246
 Alpha  occ. eigenvalues --   -0.60107  -0.52475  -0.46845  -0.42593  -0.41683
 Alpha  occ. eigenvalues --   -0.39236  -0.38039  -0.36169  -0.35622  -0.32725
 Alpha  occ. eigenvalues --   -0.31522  -0.28009  -0.23366  -0.19170
 Alpha virt. eigenvalues --   -0.03268   0.02483   0.03798   0.07838   0.08446
 Alpha virt. eigenvalues --    0.10075   0.11183   0.12938   0.16148   0.17838
 Alpha virt. eigenvalues --    0.21974   0.26126   0.30459   0.38174   0.41295
 Alpha virt. eigenvalues --    0.42587   0.43616   0.48438   0.48843   0.52070
 Alpha virt. eigenvalues --    0.56641   0.57584   0.58899   0.59550   0.60438
 Alpha virt. eigenvalues --    0.61381   0.62027   0.62952   0.65837   0.67203
 Alpha virt. eigenvalues --    0.75097   0.78188   0.79237   0.83686   0.89238
 Alpha virt. eigenvalues --    0.91408   0.93236   0.96329   1.06258   1.07140
 Alpha virt. eigenvalues --    1.11179   1.14477   1.17594   1.24628   1.28329
 Alpha virt. eigenvalues --    1.32510   1.34567   1.40916   1.44300   1.51001
 Alpha virt. eigenvalues --    1.54482   1.57630   1.63678   1.65327   1.67934
 Alpha virt. eigenvalues --    1.69793   1.70898   1.74062   1.74789   1.75232
 Alpha virt. eigenvalues --    1.76105   1.83861   1.85253   1.91307   1.93177
 Alpha virt. eigenvalues --    1.96631   2.00846   2.05223   2.10117   2.12744
 Alpha virt. eigenvalues --    2.21004   2.22128   2.34090   2.37302   2.39540
 Alpha virt. eigenvalues --    2.43362   2.54186   2.59165   2.62171   2.67411
 Alpha virt. eigenvalues --    2.73328   2.76182   2.78152   2.81192   2.85074
 Alpha virt. eigenvalues --    2.85368   2.91271   2.99099   3.08569   3.11470
 Alpha virt. eigenvalues --    3.14936   3.29074   3.38590   3.53145   3.65401
          Condensed to atoms (all electrons):
               1          2          3          4          5          6
     1  H    0.618347   0.341558  -0.026551  -0.023035  -0.001483  -0.011653
     2  N    0.341558   6.234973   0.341182   0.374643  -0.039485  -0.059861
     3  H   -0.026551   0.341182   0.599325  -0.032958   0.011068  -0.003310
     4  C   -0.023035   0.374643  -0.032958   5.125975   0.331709   0.358842
     5  H   -0.001483  -0.039485   0.011068   0.331709   0.706769  -0.043714
     6  C   -0.011653  -0.059861  -0.003310   0.358842  -0.043714   4.730663
     7  H    0.007065  -0.004076  -0.001517  -0.015586  -0.010408   0.380478
     8  H    0.000567   0.000370   0.007635  -0.016364   0.011212   0.349782
     9  H    0.000282   0.007108  -0.000016  -0.010040   0.000551   0.327333
    10  C    0.006738  -0.020377  -0.025911   0.172410  -0.012016  -0.009474
    11  O    0.000069  -0.006606   0.028696  -0.099462   0.004110  -0.005896
    12  O   -0.000210   0.001495   0.001192  -0.123600   0.008663  -0.000520
    13  H    0.000041  -0.000300  -0.000252   0.019411  -0.001120  -0.000833
               7          8          9         10         11         12
     1  H    0.007065   0.000567   0.000282   0.006738   0.000069  -0.000210
     2  N   -0.004076   0.000370   0.007108  -0.020377  -0.006606   0.001495
     3  H   -0.001517   0.007635  -0.000016  -0.025911   0.028696   0.001192
     4  C   -0.015586  -0.016364  -0.010040   0.172410  -0.099462  -0.123600
     5  H   -0.010408   0.011212   0.000551  -0.012016   0.004110   0.008663
     6  C    0.380478   0.349782   0.327333  -0.009474  -0.005896  -0.000520
     7  H    0.648104  -0.027468  -0.018971   0.005115  -0.000135  -0.000095
     8  H   -0.027468   0.670016  -0.015012  -0.009257   0.004290  -0.000468
     9  H   -0.018971  -0.015012   0.670397  -0.003494   0.000187   0.008485
    10  C    0.005115  -0.009257  -0.003494   4.735687   0.684606   0.388306
    11  O   -0.000135   0.004290   0.000187   0.684606   7.654136  -0.076164
    12  O   -0.000095  -0.000468   0.008485   0.388306  -0.076164   7.654838
    13  H    0.000076  -0.000204  -0.000389  -0.009377   0.010988   0.288259
              13
     1  H    0.000041
     2  N   -0.000300
     3  H   -0.000252
     4  C    0.019411
     5  H   -0.001120
     6  C   -0.000833
     7  H    0.000076
     8  H   -0.000204
     9  H   -0.000389
    10  C   -0.009377
    11  O    0.010988
    12  O    0.288259
    13  H    0.517058
 Mulliken charges:
               1
     1  H    0.088264
     2  N   -0.170625
     3  H    0.101418
     4  C   -0.061944
     5  H    0.034144
     6  C   -0.011835
     7  H    0.037418
     8  H    0.024900
     9  H    0.033578
    10  C    0.097043
    11  O   -0.198820
    12  O   -0.150181
    13  H    0.176641
 Sum of Mulliken charges =   0.00000
 Mulliken charges with hydrogens summed into heavy atoms:
               1
     2  N    0.019056
     4  C   -0.027800
     6  C    0.084062
    10  C    0.097043
    11  O   -0.198820
    12  O    0.026460
 Electronic spatial extent (au):  <R**2>=            578.7999
 Charge=              0.0000 electrons
 Dipole moment (field-independent basis, Debye):
    X=             -0.3682    Y=              1.8069    Z=              0.4783  Tot=              1.9050
 Quadrupole moment (field-independent basis, Debye-Ang):
   XX=            -28.6267   YY=            -39.6604   ZZ=            -38.0582
   XY=              1.5050   XZ=             -1.5653   YZ=             -0.2413
 Traceless Quadrupole moment (field-independent basis, Debye-Ang):
   XX=              6.8217   YY=             -4.2119   ZZ=             -2.6098
   XY=              1.5050   XZ=             -1.5653   YZ=             -0.2413
 Octapole moment (field-independent basis, Debye-Ang**2):
  XXX=             17.8068  YYY=             -0.7824  ZZZ=              0.7836  XYY=             -0.4236
  XXY=              1.8359  XXZ=              0.2899  XZZ=              2.7662  YZZ=              1.2618
  YYZ=              2.4959  XYZ=              6.3063
 Hexadecapole moment (field-independent basis, Debye-Ang**3):
 XXXX=           -289.0315 YYYY=           -235.4115 ZZZZ=            -98.6410 XXXY=             22.0983
 XXXZ=              1.5933 YYYX=              7.5137 YYYZ=             -8.5906 ZZZX=             -1.0478
 ZZZY=             -6.7914 XXYY=           -104.9510 XXZZ=            -84.8614 YYZZ=            -60.3418
 XXYZ=             -1.1984 YYXZ=             -5.1013 ZZXY=             -0.0714
 N-N= 2.486339961961D+02 E-N=-1.253274564307D+03  KE= 3.202655595484D+02
 There are a total of      103408 grid points.
 ElSum from          density=       48.0000198353
 ElSum from atomic densities=       48.0000678102
 Hirshfeld populations at iteration   1 (CA, CB, DipXYZ):
               1          2          3          4          5
     1  H    0.445121   0.445121  -0.189601   0.021018   0.017047
     2  N    3.623771   3.623771  -0.036156   0.093092   0.141576
     3  H    0.449186   0.449186   0.005283  -0.114261   0.135901
     4  C    2.991338   2.991338  -0.034651  -0.027076   0.008026
     5  H    0.477907   0.477907  -0.008197   0.057154  -0.135660
     6  C    3.054282   3.054282  -0.001133  -0.001899  -0.014689
     7  H    0.479926   0.479926  -0.138727   0.039734  -0.037149
     8  H    0.481776   0.481776  -0.001352  -0.043837   0.138247
     9  H    0.479784   0.479784   0.070575   0.128549  -0.003421
    10  C    2.892984   2.892984   0.042917   0.037480  -0.038776
    11  O    4.134222   4.134222  -0.034385   0.036517  -0.032078
    12  O    4.085161   4.085161   0.037442  -0.069601   0.054202
    13  H    0.404552   0.404552   0.193034  -0.025549   0.056027
       Tot  24.000010  24.000010  -0.094950   0.131321   0.289252

 Dip from Atomic Chgs             -0.049897   0.579611  -0.101093
         Total Dipole             -0.144848   0.710932   0.188160

 Hirshfeld charges, spin densities, dipoles, and CM5 charges using IRadAn=      4:
              Q-H        S-H        Dx         Dy         Dz        Q-CM5   
     1  H    0.109758   0.000000  -0.189601   0.021018   0.017047   0.292116
     2  N   -0.247542   0.000000  -0.036156   0.093092   0.141576  -0.682126
     3  H    0.101628   0.000000   0.005283  -0.114261   0.135901   0.289377
     4  C    0.017323   0.000000  -0.034651  -0.027076   0.008026   0.013763
     5  H    0.044185   0.000000  -0.008197   0.057154  -0.135660   0.112694
     6  C   -0.108563   0.000000  -0.001133  -0.001899  -0.014689  -0.245885
     7  H    0.040148   0.000000  -0.138727   0.039734  -0.037149   0.091302
     8  H    0.036448   0.000000  -0.001352  -0.043837   0.138247   0.088972
     9  H    0.040431   0.000000   0.070575   0.128549  -0.003421   0.092129
    10  C    0.214033   0.000000   0.042917   0.037480  -0.038776   0.266730
    11  O   -0.268444   0.000000  -0.034385   0.036517  -0.032078  -0.319198
    12  O   -0.170323   0.000000   0.037442  -0.069601   0.054202  -0.362416
    13  H    0.190897   0.000000   0.193034  -0.025549   0.056027   0.362521
       Tot  -0.000020   0.000000  -0.094950   0.131321   0.289252  -0.000020
 Hirshfeld charges with hydrogens summed into heavy atoms:
              Q-H       Q-CM5   
     2  N   -0.036155  -0.100633
     4  C    0.061508   0.126458
     6  C    0.008464   0.026518
    10  C    0.214033   0.266730
    11  O   -0.268444  -0.319198
    12  O    0.020574   0.000105
 
 EQQ= 0.000000000000E+00 EQD= 0.000000000000E+00 EDD= 0.340232146040E-02
 EQQ+QD+DD= 0.340232146040E-02
 
 1\1\GINC-WS57\SP\RPBEPBE\def2SVP\C3H7N1O2\CBRUNKEN\22-Jan-2019\0\\# PB
 EPBE/def2SVP Pop=Hirshfeld\\\0,1\H,0,2.1492509318,0.3194991581,1.61355
 37118\N,0,1.7778209935,-0.0993246622,0.7534814369\H,0,2.0285026965,0.5
 278979002,-0.0237359149\C,0,0.3274781569,-0.1780774755,0.8224004945\H,
 0,0.0225786792,-1.1125613694,1.3464307493\C,0,-0.3749386296,1.00578398
 02,1.5268838691\H,0,-0.0113989459,1.0914700234,2.5708713456\H,0,-0.145
 3798754,1.9549399386,1.0000931898\H,0,-1.4754655285,0.8718015821,1.556
 1232229\C,0,-0.2102356232,-0.2684530712,-0.6007207731\O,0,0.352187282,
 0.1799647865,-1.5820884806\O,0,-1.4308128233,-0.8531322889,-0.64945795
 03\H,0,-1.7091873139,-0.8050085018,-1.5903349011\\Version=ES64L-G09Rev
 D.01\State=1-A\HF=-323.132409\RMSD=6.569e-09\Dipole=-0.5327313,0.29352
 93,0.4379229\Quadrupole=0.1528158,-0.7526984,0.5998826,2.1738794,3.617
 0775,2.0003426\PG=C01 [X(C3H7N1O2)]\\@


 A HARD FALL SHOULD MEAN A HIGH BOUNCE 
 IF ONE IS MADE OF THE RIGHT MATERIAL.

                -- THE CHEMIST ANALYST, MARCH 1950
 Job cpu time:       0 days  0 hours  0 minutes 15.0 seconds.
 File lengths (MBytes):  RWF=      8 Int=      0 D2E=      0 Chk=      2 Scr=      1
 Normal termination of Gaussian 09 at Tue Jan 22 18:09:11 2019.
